err: ""
output: |
    Project: Test Project 2
      ID: 5ce3e62b-766e-44d9-b7a4-e335492bfd1e
      State: backlog
      URL: https://linear.app/linear-mcp-go-test/project/test-project-2-b73665fc5cc5
      Description: Test Description
      Lead: None
      Teams: None
      Start Date: None
      Target Date: None
      Initiatives: None
