err: ""
output: |
    Issue: TEST-10 (UUID: 1c2de93f-4321-4015-bfde-ee893ef7976f)
    Thread: none (top-level comments)

    Comments:
    - Comment: 6b337bfa-a7df-4b5c-9d6d-a0c8c6212301
      User: Gero Leinemann (UUID: cc24eee4-9edc-4bfe-b91b-fedde125ba85)
      CreatedAt: 2025-10-07 16:03:19
      HasReplies: no
      Body: This is a reply to the comment
    - Comment: 1bc6bceb-1f2c-4a52-8f23-155aeb966ee2
      User: Gero Leinemann (UUID: cc24eee4-9edc-4bfe-b91b-fedde125ba85)
      CreatedAt: 2025-10-07 15:00:53
      HasReplies: no
      Body: Reply using shorthand
    - Comment: 5c1c0a90-6778-41f4-94b4-fce69d894bb7
      User: Gero Leinemann (UUID: cc24eee4-9edc-4bfe-b91b-fedde125ba85)
      CreatedAt: 2025-10-07 15:00:53
      HasReplies: no
      Body: Reply using comment URL
    - Comment: 74e02d2a-5e18-48fc-b000-a4c12bdc3106
      User: Gero Leinemann (UUID: cc24eee4-9edc-4bfe-b91b-fedde125ba85)
      CreatedAt: 2025-10-07 15:00:52
      HasReplies: no
      Body: This is a reply to the comment
    - Comment: 9f06f784-4132-4fae-bf2c-9065365759e3
      User: Gero Leinemann (UUID: cc24eee4-9edc-4bfe-b91b-fedde125ba85)
      CreatedAt: 2025-10-07 13:55:14
      HasReplies: no
      Body: Reply using URL in dedicated tool
    - Comment: 243e8a79-e8cc-4617-848a-573758dcdfd5
      User: Gero Leinemann (UUID: cc24eee4-9edc-4bfe-b91b-fedde125ba85)
      CreatedAt: 2025-10-07 13:55:14
      HasReplies: no
      Body: This is a reply using the dedicated tool
    - Comment: c43cf7b9-574a-40fc-8b79-23f854bd4c48
      User: Gero Leinemann (UUID: cc24eee4-9edc-4bfe-b91b-fedde125ba85)
      CreatedAt: 2025-10-07 13:50:15
      HasReplies: no
      Body: This is a reply to the comment
    - Comment: 272b238c-8065-4b61-975c-903b2fb9825a
      User: Gero Leinemann (UUID: cc24eee4-9edc-4bfe-b91b-fedde125ba85)
      CreatedAt: 2025-03-30 14:16:58
      HasReplies: no
      Body: This is a reply to the comment
    - Comment: e4668cd7-c87c-4305-bfc2-a2f0167435e9
      User: Gero Leinemann (UUID: cc24eee4-9edc-4bfe-b91b-fedde125ba85)
      CreatedAt: 2025-03-30 14:15:49
      HasReplies: no
      Body: This is a reply to the comment
    - Comment: 9d24080c-b7d0-4a23-8b3a-5cd7fe1eafd9
      User: Gero Leinemann (UUID: cc24eee4-9edc-4bfe-b91b-fedde125ba85)
      CreatedAt: 2025-03-30 14:11:59
      HasReplies: no
      Body: This is a reply to the comment

    Pagination:
    Has more comments: yes
    Next cursor: 9d24080c-b7d0-4a23-8b3a-5cd7fe1eafd9
