err: ""
output: |
    Issue: TEST-10 (UUID: 1c2de93f-4321-4015-bfde-ee893ef7976f)
    Thread: none (top-level comments)

    Comments:
    - Comment: 6b337bfa-a7df-4b5c-9d6d-a0c8c6212301
      User: Gero Leinemann (UUID: cc24eee4-9edc-4bfe-b91b-fedde125ba85)
      CreatedAt: 2025-10-07 16:03:19
      HasReplies: no
      Body: This is a reply to the comment
    - Comment: 1bc6bceb-1f2c-4a52-8f23-155aeb966ee2
      User: Gero Leinemann (UUID: cc24eee4-9edc-4bfe-b91b-fedde125ba85)
      CreatedAt: 2025-10-07 15:00:53
      HasReplies: no
      Body: Reply using shorthand
    - Comment: 5c1c0a90-6778-41f4-94b4-fce69d894bb7
      User: Gero Leinemann (UUID: cc24eee4-9edc-4bfe-b91b-fedde125ba85)
      CreatedAt: 2025-10-07 15:00:53
      HasReplies: no
      Body: Reply using comment URL

    Pagination:
    Has more comments: yes
    Next cursor: 5c1c0a90-6778-41f4-94b4-fce69d894bb7
